=== ser7 rate=0.15 budget=40 max_elements=7 (FIXED) ===
{
  "landscape": "land_series_rcl7.json",
  "motif_rate": 0.15,
  "seeds": 480,
  "budget": 40,
  "base_hit_rate": [
    292,
    480,
    0.5639702615530777,
    0.6509761175924937
  ],
  "motif_hit_rate": [
    299,
    480,
    0.578744192411781,
    0.665137276234156
  ],
  "only_base": 20,
  "only_motif": 27,
  "mcnemar_p": 0.38169339766321286
}
=== ser7 rate=0.30 budget=40 max_elements=7 (FIXED) ===
{
  "landscape": "land_series_rcl7.json",
  "motif_rate": 0.3,
  "seeds": 480,
  "budget": 40,
  "base_hit_rate": [
    292,
    480,
    0.5639702615530777,
    0.6509761175924937
  ],
  "motif_hit_rate": [
    306,
    480,
    0.5935593891591116,
    0.6792571689871907
  ],
  "only_base": 29,
  "only_motif": 43,
  "mcnemar_p": 0.12491820036864003
}
REDO_DONE
