R3: split-half stability (stricter than equivalence-class-aware -- see docstring)
  diff impedancepy-generic      seed=0 odd=[CPE-p(L,[L-R])]         even=[R-p(CPE,[CPE-R])]
  diff impedancepy-generic      seed=1 odd=[CPE-L-p(L,R)]           even=p([CPE-R],[CPE-R])
  diff impedancepy-generic      seed=2 odd=[CPE-p(L,[L-R])]         even=[R-p(CPE,[CPE-R])]
  diff impedancepy-generic      seed=3 odd=[CPE-p(L,[L-R])]         even=[R-p(CPE,[CPE-R])]
  diff impedancepy-generic      seed=4 odd=[CPE-L-p(L,R)]           even=[R-p(CPE,[CPE-R])]
  diff impedancepy-gamry        seed=0 odd=p(R,[CPE-p(CPE,R)])      even=p(CPE,[C-p(C,R)])
  diff impedancepy-gamry        seed=1 odd=[p(CPE,R)-p(CPE,R)]      even=p(CPE,[C-p(C,R)])
  diff impedancepy-gamry        seed=2 odd=p(R,[CPE-p(CPE,R)])      even=p(CPE,[C-p(C,R)])
  diff impedancepy-gamry        seed=3 odd=[p(CPE,R)-p(CPE,R)]      even=p(CPE,[C-p(C,R)])
  ok   impedancepy-gamry        seed=4 odd=[p(CPE,R)-p(CPE,R)]      even=[p(CPE,R)-p(CPE,R)]
  diff impedancepy-biologic     seed=0 odd=p(R,[CPE-R])             even=[R-p(C,R)]
  diff impedancepy-biologic     seed=1 odd=p(R,[CPE-R])             even=[R-p(C,R)]
  diff impedancepy-biologic     seed=2 odd=p(R,[CPE-R])             even=[R-p(C,R)]
  diff impedancepy-biologic     seed=3 odd=p(R,[CPE-R])             even=[R-p(C,R)]
  diff impedancepy-biologic     seed=4 odd=p(R,[CPE-R])             even=[R-p(C,R)]
  diff impedancepy-zplot        seed=0 odd=[L-p(CPE,[R-p(C,R)])]    even=[L-p(C,R,[CPE-R])]
  ok   impedancepy-zplot        seed=1 odd=[L-p(C,R,[CPE-R])]       even=[L-p(C,R,[CPE-R])]
  diff impedancepy-zplot        seed=2 odd=p(R,[CPE-L-p(C,R)])      even=[L-p(C,R,[CPE-R])]
  diff impedancepy-zplot        seed=3 odd=p(R,[CPE-L-p(C,R)])      even=[L-p(C,[R-p(CPE,R)])]
  diff impedancepy-zplot        seed=4 odd=p(R,[L-p(CPE,[C-R])])    even=[L-p(C,[R-p(CPE,R)])]
  ok   zenodo-21700-id15        seed=0 odd=[R-p(C,[CPE-R])]         even=[R-p(C,[CPE-R])]
  ok   zenodo-21700-id15        seed=1 odd=[R-p(C,[CPE-R])]         even=[R-p(C,[CPE-R])]
  ok   zenodo-21700-id15        seed=2 odd=[R-p(C,[CPE-R])]         even=[R-p(C,[CPE-R])]
  ok   zenodo-21700-id15        seed=3 odd=[R-p(C,[CPE-R])]         even=[R-p(C,[CPE-R])]
  ok   zenodo-21700-id15        seed=4 odd=[R-p(C,[CPE-R])]         even=[R-p(C,[CPE-R])]
  diff zenodo-21700-id34        seed=0 odd=[CPE-p(R,[CPE-R])]       even=[R-p(C,[CPE-R])]
  diff zenodo-21700-id34        seed=1 odd=[CPE-p(R,[CPE-R])]       even=[R-p(C,[CPE-R])]
  diff zenodo-21700-id34        seed=2 odd=[CPE-R-p(CPE,R)]         even=[R-p(C,[CPE-R])]
  diff zenodo-21700-id34        seed=3 odd=[CPE-p(R,[CPE-R])]       even=[R-p(C,[CPE-R])]
  diff zenodo-21700-id34        seed=4 odd=[CPE-p(R,[CPE-R])]       even=[R-p(C,[CPE-R])]
  diff zenodo-kendall-electrode seed=0 odd=p(R,[CPE-p(CPE,[C-R])])  even=[CPE-p(CPE,CPE,R)]
  diff zenodo-kendall-electrode seed=1 odd=p(R,[CPE-p(CPE,CPE)])    even=p(CPE,R,[C-CPE-R])
  ok   zenodo-kendall-electrode seed=2 odd=p(CPE,R,[CPE-R])         even=p(CPE,R,[CPE-R])
  diff zenodo-kendall-electrode seed=3 odd=p(CPE,R,[CPE-R])         even=p(R,[CPE-p(CPE,CPE)])
  diff zenodo-kendall-electrode seed=4 odd=p(CPE,R,[CPE-R])         even=p(CPE,[R-p(CPE,R)])
R3: 8/35 stable (23%); bar is 80%
